// Vitest Snapshot v1

exports[`transition > calls handler n times 1`] = `
[
  [
    1.3,
  ],
  [
    1.6,
  ],
  [
    1.9000000000000001,
  ],
  [
    2.2,
  ],
  [
    2.5,
  ],
  [
    2.8,
  ],
  [
    3.0999999999999996,
  ],
  [
    3.3999999999999995,
  ],
  [
    3.6999999999999993,
  ],
  [
    3.999999999999999,
  ],
]
`;
