// Vitest Snapshot v1

exports[`createPhotoS3Key > return correct value 1`] = `"dummyUserId/dummyFingerprint"`;
