// Vitest Snapshot v1

exports[`getRoleCredentials > calls "camelcase-keys" with correct args 1`] = `
[
  [
    {
      "AccessKeyId": "dummyAccessKeyId",
      "Expiration": 2022-01-01T00:00:00.000Z,
      "SecretAccessKey": "dummySecretAccessKey",
      "SessionToken": "dummySessionToken",
    },
  ],
]
`;

exports[`getRoleCredentials > resolves with a correct value 1`] = `
{
  "dummyCamelCaseKey": "dummyCamelCaseValue",
}
`;

exports[`getRoleCredentials > sends "AssumeRoleCommand" from "STSClient" with correct args 1`] = `
{
  "RoleArn": "dummyRoleArn",
  "RoleSessionName": "dummySessionName-1640995200000",
}
`;

exports[`getRoleCredentials > when "AccessKeyId" credentials prop is missing from "AssumeRoleCommand" output > rejects with a correct value 1`] = `[Error: Missing credentials prop]`;

exports[`getRoleCredentials > when "SecretAccessKey" credentials prop is missing from "AssumeRoleCommand" output > rejects with a correct value 1`] = `[Error: Missing credentials prop]`;

exports[`getRoleCredentials > when credentials are missing from "AssumeRoleCommand" output > rejects with a correct value 1`] = `[Error: Cannot get credentials]`;
